districts: 13
Udham Singh Nagar / Rural / Bajpur: 2 units
   Bajpur: 40 panchayats
   Kashipur: 1 panchayats
Udham Singh Nagar / Rural / Gadarpur: 1 units
   Gadarpur: 50 panchayats
Udham Singh Nagar / Rural / Jaspur: 1 units
   Jaspur: 43 panchayats
Udham Singh Nagar / Rural / Kashipur: 1 units
   Kashipur: 41 panchayats
Udham Singh Nagar / Rural / Khatima: 1 units
   Khatima: 66 panchayats
Udham Singh Nagar / Rural / Kichha: 1 units
   Rudrapur: 50 panchayats
Udham Singh Nagar / Rural / Rudrapur: 2 units
   Gadarpur: 2 panchayats
   Rudrapur: 14 panchayats
Udham Singh Nagar / Rural / Sitarganj: 1 units
   Sitarganj: 75 panchayats
Udham Singh Nagar / Urban / Bajpur: 3 units
Udham Singh Nagar / Urban / Gadarpur: 3 units
Udham Singh Nagar / Urban / Jaspur: 2 units
Udham Singh Nagar / Urban / Kashipur: 3 units
Udham Singh Nagar / Urban / Khatima: 1 units
Udham Singh Nagar / Urban / Kichha: 4 units
Udham Singh Nagar / Urban / Rudrapur: 3 units
Udham Singh Nagar / Urban / Sitarganj: 3 units
